d:\users\marci\source\repos\serversidealfheim\serversi.5a16f1d5\release\adev.pch
d:\users\marci\source\repos\serversidealfheim\serversi.5a16f1d5\release\vc143.pdb
d:\users\marci\source\repos\serversidealfheim\serversi.5a16f1d5\release\pch.obj
d:\users\marci\source\repos\serversidealfheim\serversi.5a16f1d5\release\sendpacketclient.obj
d:\users\marci\source\repos\serversidealfheim\serversi.5a16f1d5\release\mapnames.obj
d:\users\marci\source\repos\serversidealfheim\serversi.5a16f1d5\release\mainprotect.obj
d:\users\marci\source\repos\serversidealfheim\serversi.5a16f1d5\release\killfeed.obj
d:\users\marci\source\repos\serversidealfheim\serversi.5a16f1d5\release\hook.obj
d:\users\marci\source\repos\serversidealfheim\serversi.5a16f1d5\release\functions.obj
d:\users\marci\source\repos\serversidealfheim\serversi.5a16f1d5\release\dllmain.obj
d:\users\marci\source\repos\serversidealfheim\serversi.5a16f1d5\release\databasefuncs.obj
d:\users\marci\source\repos\serversidealfheim\serversi.5a16f1d5\release\database.obj
d:\users\marci\source\repos\serversidealfheim\serversi.5a16f1d5\release\changefacctioncommand.obj
d:\users\marci\source\repos\serversidealfheim\serversi.5a16f1d5\release\changeappareancemain.obj
d:\users\marci\source\repos\serversidealfheim\serversi.5a16f1d5\release\bossattackedmain.obj
d:\users\marci\source\repos\serversidealfheim\serversi.5a16f1d5\release\automaticnoticeevent.obj
d:\users\marci\source\repos\serversidealfheim\serversi.5a16f1d5\release\nanodbc.obj
d:\users\marci\source\repos\serversidealfheim\serversi.5a16f1d5\release\balancefunction.obj
d:\users\marci\source\repos\serversidealfheim\release\adev.dll
d:\users\marci\source\repos\serversidealfheim\release\adev.pdb
d:\users\marci\source\repos\serversidealfheim\serversi.5a16f1d5\release\serversideproject.res
d:\users\marci\source\repos\serversidealfheim\release\adev.lib
d:\users\marci\source\repos\serversidealfheim\release\adev.exp
d:\users\marci\source\repos\serversidealfheim\serversi.5a16f1d5\release\adev.ipdb
d:\users\marci\source\repos\serversidealfheim\serversi.5a16f1d5\release\adev.iobj
d:\users\marci\source\repos\serversidealfheim\serversi.5a16f1d5\release\msado15.tli
d:\users\marci\source\repos\serversidealfheim\serversi.5a16f1d5\release\msado15.tlh
d:\users\marci\source\repos\serversidealfheim\serversi.5a16f1d5\release\serversi.5a16f1d5.tlog\cl.command.1.tlog
d:\users\marci\source\repos\serversidealfheim\serversi.5a16f1d5\release\serversi.5a16f1d5.tlog\cl.items.tlog
d:\users\marci\source\repos\serversidealfheim\serversi.5a16f1d5\release\serversi.5a16f1d5.tlog\cl.read.1.tlog
d:\users\marci\source\repos\serversidealfheim\serversi.5a16f1d5\release\serversi.5a16f1d5.tlog\cl.write.1.tlog
d:\users\marci\source\repos\serversidealfheim\serversi.5a16f1d5\release\serversi.5a16f1d5.tlog\link.command.1.tlog
d:\users\marci\source\repos\serversidealfheim\serversi.5a16f1d5\release\serversi.5a16f1d5.tlog\link.read.1.tlog
d:\users\marci\source\repos\serversidealfheim\serversi.5a16f1d5\release\serversi.5a16f1d5.tlog\link.secondary.1.tlog
d:\users\marci\source\repos\serversidealfheim\serversi.5a16f1d5\release\serversi.5a16f1d5.tlog\link.write.1.tlog
d:\users\marci\source\repos\serversidealfheim\serversi.5a16f1d5\release\serversi.5a16f1d5.tlog\rc.command.1.tlog
d:\users\marci\source\repos\serversidealfheim\serversi.5a16f1d5\release\serversi.5a16f1d5.tlog\rc.read.1.tlog
d:\users\marci\source\repos\serversidealfheim\serversi.5a16f1d5\release\serversi.5a16f1d5.tlog\rc.write.1.tlog
