c:\users\user\source\repos\valinor-s-client-code-main\1jan2025\sdev\release\vc143.pdb
c:\users\user\source\repos\valinor-s-client-code-main\1jan2025\sdev\release\ownkilltable.obj
c:\users\user\source\repos\valinor-s-client-code-main\1jan2025\sdev\release\mapnames&pagination.obj
c:\users\user\source\repos\valinor-s-client-code-main\1jan2025\sdev\release\mainres.obj
c:\users\user\source\repos\valinor-s-client-code-main\1jan2025\sdev\release\cworldmgr.obj
c:\users\user\source\repos\valinor-s-client-code-main\1jan2025\sdev\release\cwindow.obj
c:\users\user\source\repos\valinor-s-client-code-main\1jan2025\sdev\release\cstatictext.obj
c:\users\user\source\repos\valinor-s-client-code-main\1jan2025\sdev\release\cquickslot.obj
c:\users\user\source\repos\valinor-s-client-code-main\1jan2025\sdev\release\cnetwork.obj
c:\users\user\source\repos\valinor-s-client-code-main\1jan2025\sdev\release\cdatafile.obj
c:\users\user\source\repos\valinor-s-client-code-main\1jan2025\sdev\release\ids.obj
c:\users\user\source\repos\valinor-s-client-code-main\1jan2025\sdev\release\hpmode.obj
c:\users\user\source\repos\valinor-s-client-code-main\1jan2025\sdev\release\graphicoptions.obj
c:\users\user\source\repos\valinor-s-client-code-main\1jan2025\sdev\release\getpacket.obj
c:\users\user\source\repos\valinor-s-client-code-main\1jan2025\sdev\release\fpsboost.obj
c:\users\user\source\repos\valinor-s-client-code-main\1jan2025\sdev\release\feedglobal.obj
c:\users\user\source\repos\valinor-s-client-code-main\1jan2025\sdev\release\debuffseparate.obj
c:\users\user\source\repos\valinor-s-client-code-main\1jan2025\sdev\release\costumeeffect.obj
c:\users\user\source\repos\valinor-s-client-code-main\1jan2025\sdev\release\autoshifttag.obj
c:\users\user\source\repos\valinor-s-client-code-main\1jan2025\sdev\release\anticheat.obj
c:\users\user\source\repos\valinor-s-client-code-main\1jan2025\sdev\release\alloceffects.obj
c:\users\user\source\repos\valinor-s-client-code-main\1jan2025\sdev\release\quick_slot.obj
c:\users\user\source\repos\valinor-s-client-code-main\1jan2025\sdev\release\packet.obj
c:\users\user\source\repos\valinor-s-client-code-main\1jan2025\sdev\release\name_color.obj
c:\users\user\source\repos\valinor-s-client-code-main\1jan2025\sdev\release\main.obj
c:\users\user\source\repos\valinor-s-client-code-main\1jan2025\sdev\release\dllmain.obj
c:\users\user\source\repos\valinor-s-client-code-main\1jan2025\sdev\release\item_icon.obj
c:\users\user\source\repos\valinor-s-client-code-main\1jan2025\sdev\release\gui.obj
c:\users\user\source\repos\valinor-s-client-code-main\1jan2025\sdev\release\enableressoptions.obj
c:\users\user\source\repos\valinor-s-client-code-main\1jan2025\sdev\release\custom_game.obj
c:\users\user\source\repos\valinor-s-client-code-main\1jan2025\sdev\release\cmd.obj
c:\users\user\source\repos\valinor-s-client-code-main\1jan2025\sdev\release\camera_limit.obj
c:\users\user\source\repos\valinor-s-client-code-main\1jan2025\sdev\release\buttons.obj
c:\users\user\source\repos\valinor-s-client-code-main\1jan2025\sdev\release\150raidslot.obj
c:\users\user\source\repos\valinor-s-client-code-main\1jan2025\sdev\release\small_icon.obj
c:\users\user\source\repos\valinor-s-client-code-main\1jan2025\sdev\release\shiftx10stat.obj
c:\users\user\source\repos\valinor-s-client-code-main\1jan2025\sdev\release\sentcommandchangecountry.obj
c:\users\user\source\repos\valinor-s-client-code-main\1jan2025\sdev\release\sendteleport.obj
c:\users\user\source\repos\valinor-s-client-code-main\1jan2025\sdev\release\sendobjectstomemory.obj
c:\users\user\source\repos\valinor-s-client-code-main\1jan2025\sdev\release\seeorangestatus.obj
c:\users\user\source\repos\valinor-s-client-code-main\1jan2025\sdev\release\sahprotect.obj
c:\users\user\source\repos\valinor-s-client-code-main\1jan2025\sdev\release\weaponskin&slot.obj
c:\users\user\source\repos\valinor-s-client-code-main\1jan2025\sdev\release\timelocalress.obj
c:\users\user\source\repos\valinor-s-client-code-main\1jan2025\sdev\release\teleportbutton.obj
c:\users\user\source\repos\valinor-s-client-code-main\1jan2025\sdev\release\vehicle.obj
c:\users\user\source\repos\valinor-s-client-code-main\1jan2025\sdev\release\title.obj
c:\users\user\source\repos\valinor-s-client-code-main\1jan2025\sdev\release\static.obj
c:\users\user\source\repos\valinor-s-client-code-main\1jan2025\sdev\release\holdshiftenable3rdskillbar.obj
c:\users\user\source\repos\valinor-s-client-code-main\1jan2025\sdev\release\3rdskillbar.obj
c:\users\user\source\repos\valinor-s-client-code-main\1jan2025\sdev\release\skilldelayfixed.obj
c:\users\user\source\repos\valinor-s-client-code-main\1jan2025\sdev\release\countdown.obj
c:\users\user\source\repos\valinor-s-client-code-main\1jan2025\sdev\release\raidclasscounter.obj
c:\users\user\source\repos\valinor-s-client-code-main\1jan2025\release\sdev.dll
c:\users\user\source\repos\valinor-s-client-code-main\1jan2025\release\sdev.pdb
c:\users\user\source\repos\valinor-s-client-code-main\1jan2025\sdev\release\sdev.res
c:\users\user\source\repos\valinor-s-client-code-main\1jan2025\release\sdev.lib
c:\users\user\source\repos\valinor-s-client-code-main\1jan2025\release\sdev.exp
c:\users\user\source\repos\valinor-s-client-code-main\1jan2025\sdev\release\sdev.tlog\cl.command.1.tlog
c:\users\user\source\repos\valinor-s-client-code-main\1jan2025\sdev\release\sdev.tlog\cl.items.tlog
c:\users\user\source\repos\valinor-s-client-code-main\1jan2025\sdev\release\sdev.tlog\cl.read.1.tlog
c:\users\user\source\repos\valinor-s-client-code-main\1jan2025\sdev\release\sdev.tlog\cl.write.1.tlog
c:\users\user\source\repos\valinor-s-client-code-main\1jan2025\sdev\release\sdev.tlog\link-cvtres.read.1.tlog
c:\users\user\source\repos\valinor-s-client-code-main\1jan2025\sdev\release\sdev.tlog\link-cvtres.write.1.tlog
c:\users\user\source\repos\valinor-s-client-code-main\1jan2025\sdev\release\sdev.tlog\link-rc.read.1.tlog
c:\users\user\source\repos\valinor-s-client-code-main\1jan2025\sdev\release\sdev.tlog\link-rc.write.1.tlog
c:\users\user\source\repos\valinor-s-client-code-main\1jan2025\sdev\release\sdev.tlog\link.command.1.tlog
c:\users\user\source\repos\valinor-s-client-code-main\1jan2025\sdev\release\sdev.tlog\link.read.1.tlog
c:\users\user\source\repos\valinor-s-client-code-main\1jan2025\sdev\release\sdev.tlog\link.secondary.1.tlog
c:\users\user\source\repos\valinor-s-client-code-main\1jan2025\sdev\release\sdev.tlog\link.write.1.tlog
c:\users\user\source\repos\valinor-s-client-code-main\1jan2025\sdev\release\sdev.tlog\rc.command.1.tlog
c:\users\user\source\repos\valinor-s-client-code-main\1jan2025\sdev\release\sdev.tlog\rc.read.1.tlog
c:\users\user\source\repos\valinor-s-client-code-main\1jan2025\sdev\release\sdev.tlog\rc.write.1.tlog
