c:\users\marci\source\repos\serversidealfheim\release\adev.pch
c:\users\marci\source\repos\serversidealfheim\release\vc143.pdb
c:\users\marci\source\repos\serversidealfheim\release\pch.obj
c:\users\marci\source\repos\serversidealfheim\release\sendpacketclient.obj
c:\users\marci\source\repos\serversidealfheim\release\mapnames.obj
c:\users\marci\source\repos\serversidealfheim\release\mainprotect.obj
c:\users\marci\source\repos\serversidealfheim\release\killfeed.obj
c:\users\marci\source\repos\serversidealfheim\release\hook.obj
c:\users\marci\source\repos\serversidealfheim\release\functions.obj
c:\users\marci\source\repos\serversidealfheim\release\dllmain.obj
c:\users\marci\source\repos\serversidealfheim\release\databasefuncs.obj
c:\users\marci\source\repos\serversidealfheim\release\database.obj
c:\users\marci\source\repos\serversidealfheim\release\changefacctioncommand.obj
c:\users\marci\source\repos\serversidealfheim\release\changeappareancemain.obj
c:\users\marci\source\repos\serversidealfheim\release\bossattackedmain.obj
c:\users\marci\source\repos\serversidealfheim\release\automaticnoticeevent.obj
c:\users\marci\source\repos\serversidealfheim\release\adev.lib
c:\users\marci\source\repos\serversidealfheim\release\adev.exp
c:\users\marci\source\repos\serversidealfheim\release\adev.ipdb
c:\users\marci\source\repos\serversidealfheim\release\adev.iobj
c:\users\marci\source\repos\serversidealfheim\release\adev.dll
c:\users\marci\source\repos\serversidealfheim\release\adev.pdb
c:\users\marci\source\repos\serversidealfheim\release\serversideproject.res
c:\users\marci\source\repos\serversidealfheim\release\msado15.tli
c:\users\marci\source\repos\serversidealfheim\release\msado15.tlh
c:\users\marci\source\repos\serversidealfheim\release\serversi.5a16f1d5.tlog\cl.command.1.tlog
c:\users\marci\source\repos\serversidealfheim\release\serversi.5a16f1d5.tlog\cl.items.tlog
c:\users\marci\source\repos\serversidealfheim\release\serversi.5a16f1d5.tlog\cl.read.1.tlog
c:\users\marci\source\repos\serversidealfheim\release\serversi.5a16f1d5.tlog\cl.write.1.tlog
c:\users\marci\source\repos\serversidealfheim\release\serversi.5a16f1d5.tlog\link.command.1.tlog
c:\users\marci\source\repos\serversidealfheim\release\serversi.5a16f1d5.tlog\link.read.1.tlog
c:\users\marci\source\repos\serversidealfheim\release\serversi.5a16f1d5.tlog\link.write.1.tlog
c:\users\marci\source\repos\serversidealfheim\release\serversi.5a16f1d5.tlog\link.write.2u.tlog
c:\users\marci\source\repos\serversidealfheim\release\serversi.5a16f1d5.tlog\rc.command.1.tlog
c:\users\marci\source\repos\serversidealfheim\release\serversi.5a16f1d5.tlog\rc.read.1.tlog
c:\users\marci\source\repos\serversidealfheim\release\serversi.5a16f1d5.tlog\rc.write.1.tlog
